../Core/Src/main.c:95:5:main	8	static
../Core/Src/main.c:152:6:SystemClock_Config	88	static
../Core/Src/main.c:198:13:MX_ADC1_Init	24	static
../Core/Src/main.c:250:13:MX_I2C1_Init	8	static
../Core/Src/main.c:284:13:MX_SPI1_Init	8	static
../Core/Src/main.c:322:13:MX_TIM1_Init	56	static
../Core/Src/main.c:372:13:MX_TIM2_Init	64	static
../Core/Src/main.c:443:13:MX_TIM3_Init	64	static
../Core/Src/main.c:502:13:MX_TIM4_Init	56	static
../Core/Src/main.c:551:13:MX_TIM5_Init	32	static
../Core/Src/main.c:596:13:MX_TIM6_Init	16	static
../Core/Src/main.c:634:13:MX_TIM13_Init	8	static
../Core/Src/main.c:665:13:MX_TIM14_Init	8	static
../Core/Src/main.c:696:13:MX_USART3_UART_Init	8	static
../Core/Src/main.c:727:13:MX_DMA_Init	16	static
../Core/Src/main.c:745:13:MX_GPIO_Init	48	static
../Core/Src/main.c:831:6:Error_Handler	4	static,ignoring_inline_asm
