../Core/Src/main_copy.c:44:5:main	8	static
../Core/Src/main_copy.c:84:6:SystemClock_Config	88	static
../Core/Src/main_copy.c:130:13:MX_ADC1_Init	24	static
../Core/Src/main_copy.c:182:13:MX_I2C1_Init	8	static
../Core/Src/main_copy.c:216:13:MX_SPI1_Init	8	static
../Core/Src/main_copy.c:254:13:MX_TIM1_Init	56	static
../Core/Src/main_copy.c:304:13:MX_TIM2_Init	64	static
../Core/Src/main_copy.c:375:13:MX_TIM3_Init	64	static
../Core/Src/main_copy.c:434:13:MX_TIM4_Init	56	static
../Core/Src/main_copy.c:483:13:MX_TIM6_Init	16	static
../Core/Src/main_copy.c:521:13:MX_TIM8_Init	32	static
../Core/Src/main_copy.c:567:13:MX_TIM13_Init	8	static
../Core/Src/main_copy.c:598:13:MX_TIM14_Init	8	static
../Core/Src/main_copy.c:629:13:MX_USART3_UART_Init	8	static
../Core/Src/main_copy.c:660:13:MX_DMA_Init	16	static
../Core/Src/main_copy.c:678:13:MX_GPIO_Init	48	static
../Core/Src/main_copy.c:764:6:Error_Handler	4	static,ignoring_inline_asm
