../Libs/Src/read_sensors.c:62:6:readSensor	8	static
../Libs/Src/read_sensors.c:158:6:readVolMeter	8	static
../Libs/Src/read_sensors.c:166:6:stop_it_all	8	static
../Libs/Src/read_sensors.c:179:6:irBlink	4	static
../Libs/Src/read_sensors.c:187:6:rightIrBlink	4	static
../Libs/Src/read_sensors.c:195:6:leftIrBlink	4	static
../Libs/Src/read_sensors.c:203:6:calculateAndSaveAverages	16	static
../Libs/Src/read_sensors.c:231:6:getSensorReadings	8	static
../Libs/Src/read_sensors.c:361:7:frontWallCalibrate	8024	static
