../Libs/Src/read_sensors.c:61:6:readSensor	8	static
../Libs/Src/read_sensors.c:163:6:readVolMeter	8	static
../Libs/Src/read_sensors.c:171:6:stop_it_all	8	static
../Libs/Src/read_sensors.c:184:6:irBlink	4	static
../Libs/Src/read_sensors.c:192:6:rightIrBlink	4	static
../Libs/Src/read_sensors.c:200:6:leftIrBlink	4	static
../Libs/Src/read_sensors.c:208:6:calculateAndSaveAverages	16	static
../Libs/Src/read_sensors.c:232:6:getSensorReadings	8	static
../Libs/Src/read_sensors.c:301:6:irSideCalibrate	8024	static
../Libs/Src/read_sensors.c:326:6:irFrontCalibrate	8024	static
