12:22:14 **** Incremental Build of configuration Debug for project coco_v2 ****
make -j8 all 
arm-none-eabi-gcc "../Libs/Src/PD.c" -mcpu=cortex-m4 -std=gnu11 -g3 -DDEBUG -DUSE_HAL_DRIVER -DSTM32F405xx -c -I../Core/Inc -I../Drivers/STM32F4xx_HAL_Driver/Inc -I../Drivers/STM32F4xx_HAL_Driver/Inc/Legacy -I../Drivers/CMSIS/Device/ST/STM32F4xx/Include -I../Drivers/CMSIS/Include -I"C:/Users/ACER/Documents/GitHub/CocoV2-Micromouse-Team-MK-MAT/Firmware/main code/coco_v2/Drivers" -I"C:/Users/ACER/Documents/GitHub/CocoV2-Micromouse-Team-MK-MAT/Firmware/main code/coco_v2/Libs/Inc" -I"C:/Users/ACER/Documents/GitHub/CocoV2-Micromouse-Team-MK-MAT/Firmware/main code/coco_v2/Program/Inc" -I"C:/Users/ACER/Documents/GitHub/CocoV2-Micromouse-Team-MK-MAT/Firmware/main code/coco_v2/Drivers/SSD1306/Inc" -O0 -ffunction-sections -fdata-sections -Wall -fstack-usage -fcyclomatic-complexity -MMD -MP -MF"Libs/Src/PD.d" -MT"Libs/Src/PD.o" --specs=nano.specs -mfpu=fpv4-sp-d16 -mfloat-abi=hard -mthumb -o "Libs/Src/PD.o"
../Libs/Src/PD.c: In function 'finishMove':
../Libs/Src/PD.c:55:9: warning: enumeration value 'IDLE' not handled in switch [-Wswitch]
   55 |         switch (mv_type)
      |         ^~~~~~
arm-none-eabi-g++ -o "coco_v2.elf" @"objects.list"   -mcpu=cortex-m4 -T"C:\Users\ACER\Documents\GitHub\CocoV2-Micromouse-Team-MK-MAT\Firmware\main code\coco_v2\STM32F405RGTX_FLASH.ld" --specs=nosys.specs -Wl,-Map="coco_v2.map" -Wl,--gc-sections -static -u _printf_float --specs=nano.specs -mfpu=fpv4-sp-d16 -mfloat-abi=hard -mthumb -Wl,--start-group -lc -lm -lstdc++ -lsupc++ -Wl,--end-group
Finished building target: coco_v2.elf
 
arm-none-eabi-size  coco_v2.elf 
arm-none-eabi-objdump -h -S coco_v2.elf  > "coco_v2.list"
   text	   data	    bss	    dec	    hex	filename
 210876	    832	   9608	 221316	  36084	coco_v2.elf
arm-none-eabi-objcopy  -O ihex coco_v2.elf  "coco_v2.hex"
arm-none-eabi-objcopy  -O binary coco_v2.elf  "coco_v2.bin"
Finished building: default.size.stdout
 
Finished building: coco_v2.hex
Finished building: coco_v2.bin
 
 
Finished building: coco_v2.list
 

12:22:16 Build Finished. 0 errors, 1 warnings. (took 2s.291ms)

