16:52:00 **** Incremental Build of configuration Debug for project coco_v2 ****
make -j8 all 
arm-none-eabi-size  coco_v2.elf 
   text	   data	    bss	    dec	    hex	filename
 207212	    808	   9488	 217508	  351a4	coco_v2.elf
Finished building: default.size.stdout
 
16:52:36 **** Incremental Build of configuration Debug for project coco_v2 ****
make -j8 all 
arm-none-eabi-size  coco_v2.elf 
   text	   data	    bss	    dec	    hex	filename
 207212	    808	   9488	 217508	  351a4	coco_v2.elf
Finished building: default.size.stdout
 
16:53:53 **** Incremental Build of configuration Debug for project coco_v2 ****
make -j8 all 
arm-none-eabi-g++ "../Program/Src/cppmain.cpp" -mcpu=cortex-m4 -std=gnu++14 -g3 -DDEBUG -DUSE_HAL_DRIVER -DSTM32F405xx -c -I../Core/Inc -I../Drivers/STM32F4xx_HAL_Driver/Inc -I../Drivers/STM32F4xx_HAL_Driver/Inc/Legacy -I../Drivers/CMSIS/Device/ST/STM32F4xx/Include -I../Drivers/CMSIS/Include -I"C:/Users/ACER/Documents/GitHub/CocoV2-Micromouse-Team-MK-MAT/Firmware/main code/coco_v2/Drivers" -I"C:/Users/ACER/Documents/GitHub/CocoV2-Micromouse-Team-MK-MAT/Firmware/main code/coco_v2/Program/Inc" -I"C:/Users/ACER/Documents/GitHub/CocoV2-Micromouse-Team-MK-MAT/Firmware/main code/coco_v2/Libs/Inc" -I"C:/Users/ACER/Documents/GitHub/CocoV2-Micromouse-Team-MK-MAT/Firmware/main code/coco_v2/Drivers/SSD1306/Inc" -O0 -ffunction-sections -fdata-sections -fno-exceptions -fno-rtti -fno-use-cxa-atexit -Wall -fstack-usage -fcyclomatic-complexity -MMD -MP -MF"Program/Src/cppmain.d" -MT"Program/Src/cppmain.o" --specs=nano.specs -mfpu=fpv4-sp-d16 -mfloat-abi=hard -mthumb -o "Program/Src/cppmain.o"
arm-none-eabi-g++ -o "coco_v2.elf" @"objects.list"   -mcpu=cortex-m4 -T"C:\Users\ACER\Documents\GitHub\CocoV2-Micromouse-Team-MK-MAT\Firmware\main code\coco_v2\STM32F405RGTX_FLASH.ld" --specs=nosys.specs -Wl,-Map="coco_v2.map" -Wl,--gc-sections -static -u _printf_float --specs=nano.specs -mfpu=fpv4-sp-d16 -mfloat-abi=hard -mthumb -Wl,--start-group -lc -lm -lstdc++ -lsupc++ -Wl,--end-group
Finished building target: coco_v2.elf
 
arm-none-eabi-size  coco_v2.elf 
arm-none-eabi-objdump -h -S coco_v2.elf  > "coco_v2.list"
arm-none-eabi-objcopy  -O ihex coco_v2.elf  "coco_v2.hex"
   text	   data	    bss	    dec	    hex	filename
 207212	    808	   9488	 217508	  351a4	coco_v2.elf
arm-none-eabi-objcopy  -O binary coco_v2.elf  "coco_v2.bin"
Finished building: default.size.stdout
 
Finished building: coco_v2.hex
Finished building: coco_v2.bin
 
 
Finished building: coco_v2.list
 
17:58:47 **** Incremental Build of configuration Debug for project coco_v2 ****
make -j8 all 
arm-none-eabi-g++ "../Program/Src/cppmain.cpp" -mcpu=cortex-m4 -std=gnu++14 -g3 -DDEBUG -DUSE_HAL_DRIVER -DSTM32F405xx -c -I../Core/Inc -I../Drivers/STM32F4xx_HAL_Driver/Inc -I../Drivers/STM32F4xx_HAL_Driver/Inc/Legacy -I../Drivers/CMSIS/Device/ST/STM32F4xx/Include -I../Drivers/CMSIS/Include -I"C:/Users/ACER/Documents/GitHub/CocoV2-Micromouse-Team-MK-MAT/Firmware/main code/coco_v2/Drivers" -I"C:/Users/ACER/Documents/GitHub/CocoV2-Micromouse-Team-MK-MAT/Firmware/main code/coco_v2/Program/Inc" -I"C:/Users/ACER/Documents/GitHub/CocoV2-Micromouse-Team-MK-MAT/Firmware/main code/coco_v2/Libs/Inc" -I"C:/Users/ACER/Documents/GitHub/CocoV2-Micromouse-Team-MK-MAT/Firmware/main code/coco_v2/Drivers/SSD1306/Inc" -O0 -ffunction-sections -fdata-sections -fno-exceptions -fno-rtti -fno-use-cxa-atexit -Wall -fstack-usage -fcyclomatic-complexity -MMD -MP -MF"Program/Src/cppmain.d" -MT"Program/Src/cppmain.o" --specs=nano.specs -mfpu=fpv4-sp-d16 -mfloat-abi=hard -mthumb -o "Program/Src/cppmain.o"
arm-none-eabi-g++ -o "coco_v2.elf" @"objects.list"   -mcpu=cortex-m4 -T"C:\Users\ACER\Documents\GitHub\CocoV2-Micromouse-Team-MK-MAT\Firmware\main code\coco_v2\STM32F405RGTX_FLASH.ld" --specs=nosys.specs -Wl,-Map="coco_v2.map" -Wl,--gc-sections -static -u _printf_float --specs=nano.specs -mfpu=fpv4-sp-d16 -mfloat-abi=hard -mthumb -Wl,--start-group -lc -lm -lstdc++ -lsupc++ -Wl,--end-group
Finished building target: coco_v2.elf
 
arm-none-eabi-size  coco_v2.elf 
arm-none-eabi-objdump -h -S coco_v2.elf  > "coco_v2.list"
arm-none-eabi-objcopy  -O ihex coco_v2.elf  "coco_v2.hex"
   text	   data	    bss	    dec	    hex	filename
 207316	    808	   9504	 217628	  3521c	coco_v2.elf
arm-none-eabi-objcopy  -O binary coco_v2.elf  "coco_v2.bin"
Finished building: default.size.stdout
 
Finished building: coco_v2.hex
Finished building: coco_v2.bin
 
 
Finished building: coco_v2.list
 
18:05:23 **** Incremental Build of configuration Debug for project coco_v2 ****
make -j8 all 
arm-none-eabi-g++ "../Program/Src/cppmain.cpp" -mcpu=cortex-m4 -std=gnu++14 -g3 -DDEBUG -DUSE_HAL_DRIVER -DSTM32F405xx -c -I../Core/Inc -I../Drivers/STM32F4xx_HAL_Driver/Inc -I../Drivers/STM32F4xx_HAL_Driver/Inc/Legacy -I../Drivers/CMSIS/Device/ST/STM32F4xx/Include -I../Drivers/CMSIS/Include -I"C:/Users/ACER/Documents/GitHub/CocoV2-Micromouse-Team-MK-MAT/Firmware/main code/coco_v2/Drivers" -I"C:/Users/ACER/Documents/GitHub/CocoV2-Micromouse-Team-MK-MAT/Firmware/main code/coco_v2/Program/Inc" -I"C:/Users/ACER/Documents/GitHub/CocoV2-Micromouse-Team-MK-MAT/Firmware/main code/coco_v2/Libs/Inc" -I"C:/Users/ACER/Documents/GitHub/CocoV2-Micromouse-Team-MK-MAT/Firmware/main code/coco_v2/Drivers/SSD1306/Inc" -O0 -ffunction-sections -fdata-sections -fno-exceptions -fno-rtti -fno-use-cxa-atexit -Wall -fstack-usage -fcyclomatic-complexity -MMD -MP -MF"Program/Src/cppmain.d" -MT"Program/Src/cppmain.o" --specs=nano.specs -mfpu=fpv4-sp-d16 -mfloat-abi=hard -mthumb -o "Program/Src/cppmain.o"
arm-none-eabi-g++ -o "coco_v2.elf" @"objects.list"   -mcpu=cortex-m4 -T"C:\Users\ACER\Documents\GitHub\CocoV2-Micromouse-Team-MK-MAT\Firmware\main code\coco_v2\STM32F405RGTX_FLASH.ld" --specs=nosys.specs -Wl,-Map="coco_v2.map" -Wl,--gc-sections -static -u _printf_float --specs=nano.specs -mfpu=fpv4-sp-d16 -mfloat-abi=hard -mthumb -Wl,--start-group -lc -lm -lstdc++ -lsupc++ -Wl,--end-group
Finished building target: coco_v2.elf
 
arm-none-eabi-size  coco_v2.elf 
arm-none-eabi-objdump -h -S coco_v2.elf  > "coco_v2.list"
arm-none-eabi-objcopy  -O ihex coco_v2.elf  "coco_v2.hex"
   text	   data	    bss	    dec	    hex	filename
 207316	    808	   9504	 217628	  3521c	coco_v2.elf
arm-none-eabi-objcopy  -O binary coco_v2.elf  "coco_v2.bin"
Finished building: default.size.stdout
 
Finished building: coco_v2.hex
Finished building: coco_v2.bin
 
 
Finished building: coco_v2.list
 
18:06:15 **** Incremental Build of configuration Debug for project coco_v2 ****
make -j8 all 
arm-none-eabi-g++ "../Program/Src/cppmain.cpp" -mcpu=cortex-m4 -std=gnu++14 -g3 -DDEBUG -DUSE_HAL_DRIVER -DSTM32F405xx -c -I../Core/Inc -I../Drivers/STM32F4xx_HAL_Driver/Inc -I../Drivers/STM32F4xx_HAL_Driver/Inc/Legacy -I../Drivers/CMSIS/Device/ST/STM32F4xx/Include -I../Drivers/CMSIS/Include -I"C:/Users/ACER/Documents/GitHub/CocoV2-Micromouse-Team-MK-MAT/Firmware/main code/coco_v2/Drivers" -I"C:/Users/ACER/Documents/GitHub/CocoV2-Micromouse-Team-MK-MAT/Firmware/main code/coco_v2/Program/Inc" -I"C:/Users/ACER/Documents/GitHub/CocoV2-Micromouse-Team-MK-MAT/Firmware/main code/coco_v2/Libs/Inc" -I"C:/Users/ACER/Documents/GitHub/CocoV2-Micromouse-Team-MK-MAT/Firmware/main code/coco_v2/Drivers/SSD1306/Inc" -O0 -ffunction-sections -fdata-sections -fno-exceptions -fno-rtti -fno-use-cxa-atexit -Wall -fstack-usage -fcyclomatic-complexity -MMD -MP -MF"Program/Src/cppmain.d" -MT"Program/Src/cppmain.o" --specs=nano.specs -mfpu=fpv4-sp-d16 -mfloat-abi=hard -mthumb -o "Program/Src/cppmain.o"
arm-none-eabi-g++ -o "coco_v2.elf" @"objects.list"   -mcpu=cortex-m4 -T"C:\Users\ACER\Documents\GitHub\CocoV2-Micromouse-Team-MK-MAT\Firmware\main code\coco_v2\STM32F405RGTX_FLASH.ld" --specs=nosys.specs -Wl,-Map="coco_v2.map" -Wl,--gc-sections -static -u _printf_float --specs=nano.specs -mfpu=fpv4-sp-d16 -mfloat-abi=hard -mthumb -Wl,--start-group -lc -lm -lstdc++ -lsupc++ -Wl,--end-group
Finished building target: coco_v2.elf
 
arm-none-eabi-size  coco_v2.elf 
arm-none-eabi-objdump -h -S coco_v2.elf  > "coco_v2.list"
arm-none-eabi-objcopy  -O ihex coco_v2.elf  "coco_v2.hex"
   text	   data	    bss	    dec	    hex	filename
 207196	    808	   9488	 217492	  35194	coco_v2.elf
arm-none-eabi-objcopy  -O binary coco_v2.elf  "coco_v2.bin"
Finished building: default.size.stdout
 
Finished building: coco_v2.hex
Finished building: coco_v2.bin
 
 
Finished building: coco_v2.list
 
18:10:22 **** Incremental Build of configuration Debug for project coco_v2 ****
make -j8 all 
arm-none-eabi-g++ "../Program/Src/cppmain.cpp" -mcpu=cortex-m4 -std=gnu++14 -g3 -DDEBUG -DUSE_HAL_DRIVER -DSTM32F405xx -c -I../Core/Inc -I../Drivers/STM32F4xx_HAL_Driver/Inc -I../Drivers/STM32F4xx_HAL_Driver/Inc/Legacy -I../Drivers/CMSIS/Device/ST/STM32F4xx/Include -I../Drivers/CMSIS/Include -I"C:/Users/ACER/Documents/GitHub/CocoV2-Micromouse-Team-MK-MAT/Firmware/main code/coco_v2/Drivers" -I"C:/Users/ACER/Documents/GitHub/CocoV2-Micromouse-Team-MK-MAT/Firmware/main code/coco_v2/Program/Inc" -I"C:/Users/ACER/Documents/GitHub/CocoV2-Micromouse-Team-MK-MAT/Firmware/main code/coco_v2/Libs/Inc" -I"C:/Users/ACER/Documents/GitHub/CocoV2-Micromouse-Team-MK-MAT/Firmware/main code/coco_v2/Drivers/SSD1306/Inc" -O0 -ffunction-sections -fdata-sections -fno-exceptions -fno-rtti -fno-use-cxa-atexit -Wall -fstack-usage -fcyclomatic-complexity -MMD -MP -MF"Program/Src/cppmain.d" -MT"Program/Src/cppmain.o" --specs=nano.specs -mfpu=fpv4-sp-d16 -mfloat-abi=hard -mthumb -o "Program/Src/cppmain.o"
arm-none-eabi-g++ -o "coco_v2.elf" @"objects.list"   -mcpu=cortex-m4 -T"C:\Users\ACER\Documents\GitHub\CocoV2-Micromouse-Team-MK-MAT\Firmware\main code\coco_v2\STM32F405RGTX_FLASH.ld" --specs=nosys.specs -Wl,-Map="coco_v2.map" -Wl,--gc-sections -static -u _printf_float --specs=nano.specs -mfpu=fpv4-sp-d16 -mfloat-abi=hard -mthumb -Wl,--start-group -lc -lm -lstdc++ -lsupc++ -Wl,--end-group
Finished building target: coco_v2.elf
 
arm-none-eabi-size  coco_v2.elf 
arm-none-eabi-objdump -h -S coco_v2.elf  > "coco_v2.list"
arm-none-eabi-objcopy  -O ihex coco_v2.elf  "coco_v2.hex"
   text	   data	    bss	    dec	    hex	filename
 207244	    808	   9488	 217540	  351c4	coco_v2.elf
arm-none-eabi-objcopy  -O binary coco_v2.elf  "coco_v2.bin"
Finished building: default.size.stdout
 
Finished building: coco_v2.hex
Finished building: coco_v2.bin
 
 
Finished building: coco_v2.list
 
18:12:00 **** Incremental Build of configuration Debug for project coco_v2 ****
make -j8 all 
arm-none-eabi-g++ "../Program/Src/cppmain.cpp" -mcpu=cortex-m4 -std=gnu++14 -g3 -DDEBUG -DUSE_HAL_DRIVER -DSTM32F405xx -c -I../Core/Inc -I../Drivers/STM32F4xx_HAL_Driver/Inc -I../Drivers/STM32F4xx_HAL_Driver/Inc/Legacy -I../Drivers/CMSIS/Device/ST/STM32F4xx/Include -I../Drivers/CMSIS/Include -I"C:/Users/ACER/Documents/GitHub/CocoV2-Micromouse-Team-MK-MAT/Firmware/main code/coco_v2/Drivers" -I"C:/Users/ACER/Documents/GitHub/CocoV2-Micromouse-Team-MK-MAT/Firmware/main code/coco_v2/Program/Inc" -I"C:/Users/ACER/Documents/GitHub/CocoV2-Micromouse-Team-MK-MAT/Firmware/main code/coco_v2/Libs/Inc" -I"C:/Users/ACER/Documents/GitHub/CocoV2-Micromouse-Team-MK-MAT/Firmware/main code/coco_v2/Drivers/SSD1306/Inc" -O0 -ffunction-sections -fdata-sections -fno-exceptions -fno-rtti -fno-use-cxa-atexit -Wall -fstack-usage -fcyclomatic-complexity -MMD -MP -MF"Program/Src/cppmain.d" -MT"Program/Src/cppmain.o" --specs=nano.specs -mfpu=fpv4-sp-d16 -mfloat-abi=hard -mthumb -o "Program/Src/cppmain.o"
arm-none-eabi-g++ -o "coco_v2.elf" @"objects.list"   -mcpu=cortex-m4 -T"C:\Users\ACER\Documents\GitHub\CocoV2-Micromouse-Team-MK-MAT\Firmware\main code\coco_v2\STM32F405RGTX_FLASH.ld" --specs=nosys.specs -Wl,-Map="coco_v2.map" -Wl,--gc-sections -static -u _printf_float --specs=nano.specs -mfpu=fpv4-sp-d16 -mfloat-abi=hard -mthumb -Wl,--start-group -lc -lm -lstdc++ -lsupc++ -Wl,--end-group
Finished building target: coco_v2.elf
 
arm-none-eabi-size  coco_v2.elf 
arm-none-eabi-objdump -h -S coco_v2.elf  > "coco_v2.list"
arm-none-eabi-objcopy  -O ihex coco_v2.elf  "coco_v2.hex"
   text	   data	    bss	    dec	    hex	filename
 207212	    808	   9488	 217508	  351a4	coco_v2.elf
arm-none-eabi-objcopy  -O binary coco_v2.elf  "coco_v2.bin"
Finished building: default.size.stdout
 
Finished building: coco_v2.hex
Finished building: coco_v2.bin
 
 
Finished building: coco_v2.list
 
18:13:55 **** Incremental Build of configuration Debug for project coco_v2 ****
make -j8 all 
arm-none-eabi-g++ "../Program/Src/cppmain.cpp" -mcpu=cortex-m4 -std=gnu++14 -g3 -DDEBUG -DUSE_HAL_DRIVER -DSTM32F405xx -c -I../Core/Inc -I../Drivers/STM32F4xx_HAL_Driver/Inc -I../Drivers/STM32F4xx_HAL_Driver/Inc/Legacy -I../Drivers/CMSIS/Device/ST/STM32F4xx/Include -I../Drivers/CMSIS/Include -I"C:/Users/ACER/Documents/GitHub/CocoV2-Micromouse-Team-MK-MAT/Firmware/main code/coco_v2/Drivers" -I"C:/Users/ACER/Documents/GitHub/CocoV2-Micromouse-Team-MK-MAT/Firmware/main code/coco_v2/Program/Inc" -I"C:/Users/ACER/Documents/GitHub/CocoV2-Micromouse-Team-MK-MAT/Firmware/main code/coco_v2/Libs/Inc" -I"C:/Users/ACER/Documents/GitHub/CocoV2-Micromouse-Team-MK-MAT/Firmware/main code/coco_v2/Drivers/SSD1306/Inc" -O0 -ffunction-sections -fdata-sections -fno-exceptions -fno-rtti -fno-use-cxa-atexit -Wall -fstack-usage -fcyclomatic-complexity -MMD -MP -MF"Program/Src/cppmain.d" -MT"Program/Src/cppmain.o" --specs=nano.specs -mfpu=fpv4-sp-d16 -mfloat-abi=hard -mthumb -o "Program/Src/cppmain.o"
arm-none-eabi-g++ -o "coco_v2.elf" @"objects.list"   -mcpu=cortex-m4 -T"C:\Users\ACER\Documents\GitHub\CocoV2-Micromouse-Team-MK-MAT\Firmware\main code\coco_v2\STM32F405RGTX_FLASH.ld" --specs=nosys.specs -Wl,-Map="coco_v2.map" -Wl,--gc-sections -static -u _printf_float --specs=nano.specs -mfpu=fpv4-sp-d16 -mfloat-abi=hard -mthumb -Wl,--start-group -lc -lm -lstdc++ -lsupc++ -Wl,--end-group
Finished building target: coco_v2.elf
 
arm-none-eabi-size  coco_v2.elf 
arm-none-eabi-objdump -h -S coco_v2.elf  > "coco_v2.list"
   text	   data	    bss	    dec	    hex	filename
 207244	    808	   9488	 217540	  351c4	coco_v2.elf
arm-none-eabi-objcopy  -O ihex coco_v2.elf  "coco_v2.hex"
arm-none-eabi-objcopy  -O binary coco_v2.elf  "coco_v2.bin"
Finished building: default.size.stdout
 
Finished building: coco_v2.hex
Finished building: coco_v2.bin
 
 
Finished building: coco_v2.list
 
18:19:18 **** Incremental Build of configuration Debug for project coco_v2 ****
make -j8 all 
arm-none-eabi-g++ "../Program/Src/cppmain.cpp" -mcpu=cortex-m4 -std=gnu++14 -g3 -DDEBUG -DUSE_HAL_DRIVER -DSTM32F405xx -c -I../Core/Inc -I../Drivers/STM32F4xx_HAL_Driver/Inc -I../Drivers/STM32F4xx_HAL_Driver/Inc/Legacy -I../Drivers/CMSIS/Device/ST/STM32F4xx/Include -I../Drivers/CMSIS/Include -I"C:/Users/ACER/Documents/GitHub/CocoV2-Micromouse-Team-MK-MAT/Firmware/main code/coco_v2/Drivers" -I"C:/Users/ACER/Documents/GitHub/CocoV2-Micromouse-Team-MK-MAT/Firmware/main code/coco_v2/Program/Inc" -I"C:/Users/ACER/Documents/GitHub/CocoV2-Micromouse-Team-MK-MAT/Firmware/main code/coco_v2/Libs/Inc" -I"C:/Users/ACER/Documents/GitHub/CocoV2-Micromouse-Team-MK-MAT/Firmware/main code/coco_v2/Drivers/SSD1306/Inc" -O0 -ffunction-sections -fdata-sections -fno-exceptions -fno-rtti -fno-use-cxa-atexit -Wall -fstack-usage -fcyclomatic-complexity -MMD -MP -MF"Program/Src/cppmain.d" -MT"Program/Src/cppmain.o" --specs=nano.specs -mfpu=fpv4-sp-d16 -mfloat-abi=hard -mthumb -o "Program/Src/cppmain.o"
../Program/Src/cppmain.cpp: In function 'int cppmain()':
../Program/Src/cppmain.cpp:107:17: error: 'delay' was not declared in this scope
  107 |                 delay(1000);
      |                 ^~~~~
make: *** [Program/Src/subdir.mk:22: Program/Src/cppmain.o] Error 1
"make -j8 all" terminated with exit code 2. Build might be incomplete.
18:20:18 **** Incremental Build of configuration Debug for project coco_v2 ****
make -j8 all 
arm-none-eabi-g++ "../Program/Src/cppmain.cpp" -mcpu=cortex-m4 -std=gnu++14 -g3 -DDEBUG -DUSE_HAL_DRIVER -DSTM32F405xx -c -I../Core/Inc -I../Drivers/STM32F4xx_HAL_Driver/Inc -I../Drivers/STM32F4xx_HAL_Driver/Inc/Legacy -I../Drivers/CMSIS/Device/ST/STM32F4xx/Include -I../Drivers/CMSIS/Include -I"C:/Users/ACER/Documents/GitHub/CocoV2-Micromouse-Team-MK-MAT/Firmware/main code/coco_v2/Drivers" -I"C:/Users/ACER/Documents/GitHub/CocoV2-Micromouse-Team-MK-MAT/Firmware/main code/coco_v2/Program/Inc" -I"C:/Users/ACER/Documents/GitHub/CocoV2-Micromouse-Team-MK-MAT/Firmware/main code/coco_v2/Libs/Inc" -I"C:/Users/ACER/Documents/GitHub/CocoV2-Micromouse-Team-MK-MAT/Firmware/main code/coco_v2/Drivers/SSD1306/Inc" -O0 -ffunction-sections -fdata-sections -fno-exceptions -fno-rtti -fno-use-cxa-atexit -Wall -fstack-usage -fcyclomatic-complexity -MMD -MP -MF"Program/Src/cppmain.d" -MT"Program/Src/cppmain.o" --specs=nano.specs -mfpu=fpv4-sp-d16 -mfloat-abi=hard -mthumb -o "Program/Src/cppmain.o"
arm-none-eabi-g++ -o "coco_v2.elf" @"objects.list"   -mcpu=cortex-m4 -T"C:\Users\ACER\Documents\GitHub\CocoV2-Micromouse-Team-MK-MAT\Firmware\main code\coco_v2\STM32F405RGTX_FLASH.ld" --specs=nosys.specs -Wl,-Map="coco_v2.map" -Wl,--gc-sections -static -u _printf_float --specs=nano.specs -mfpu=fpv4-sp-d16 -mfloat-abi=hard -mthumb -Wl,--start-group -lc -lm -lstdc++ -lsupc++ -Wl,--end-group
Finished building target: coco_v2.elf
 
arm-none-eabi-size  coco_v2.elf 
arm-none-eabi-objdump -h -S coco_v2.elf  > "coco_v2.list"
arm-none-eabi-objcopy  -O ihex coco_v2.elf  "coco_v2.hex"
   text	   data	    bss	    dec	    hex	filename
 207516	    808	   9496	 217820	  352dc	coco_v2.elf
arm-none-eabi-objcopy  -O binary coco_v2.elf  "coco_v2.bin"
Finished building: default.size.stdout
 
Finished building: coco_v2.hex
Finished building: coco_v2.bin
 
 
Finished building: coco_v2.list
 
