17:37:55 **** Incremental Build of configuration Debug for project SINDiB_Firmware_copy ****
make -j8 all 
arm-none-eabi-g++ "../Program/Src/cppmain.cpp" -mcpu=cortex-m4 -std=gnu++14 -g3 -DDEBUG -DUSE_HAL_DRIVER -DSTM32F405xx -c -I../Core/Inc -I../Drivers/STM32F4xx_HAL_Driver/Inc -I../Drivers/STM32F4xx_HAL_Driver/Inc/Legacy -I../Drivers/CMSIS/Device/ST/STM32F4xx/Include -I../Drivers/CMSIS/Include -I"C:/Users/ACER/Desktop/robofest/sindib - Copy/Code/SINDiB_Firmware_copy/Drivers" -I"C:/Users/ACER/Desktop/robofest/sindib - Copy/Code/SINDiB_Firmware_copy/Program/Inc" -I"C:/Users/ACER/Desktop/robofest/sindib - Copy/Code/SINDiB_Firmware_copy/Libs/Inc" -I"C:/Users/ACER/Desktop/robofest/sindib - Copy/Code/SINDiB_Firmware_copy/Drivers/SSD1306/Inc" -O0 -ffunction-sections -fdata-sections -fno-exceptions -fno-rtti -fno-use-cxa-atexit -Wall -fstack-usage -fcyclomatic-complexity -MMD -MP -MF"Program/Src/cppmain.d" -MT"Program/Src/cppmain.o" --specs=nano.specs -mfpu=fpv4-sp-d16 -mfloat-abi=hard -mthumb -o "Program/Src/cppmain.o"
arm-none-eabi-g++ "../Program/Src/floodfill.cpp" -mcpu=cortex-m4 -std=gnu++14 -g3 -DDEBUG -DUSE_HAL_DRIVER -DSTM32F405xx -c -I../Core/Inc -I../Drivers/STM32F4xx_HAL_Driver/Inc -I../Drivers/STM32F4xx_HAL_Driver/Inc/Legacy -I../Drivers/CMSIS/Device/ST/STM32F4xx/Include -I../Drivers/CMSIS/Include -I"C:/Users/ACER/Desktop/robofest/sindib - Copy/Code/SINDiB_Firmware_copy/Drivers" -I"C:/Users/ACER/Desktop/robofest/sindib - Copy/Code/SINDiB_Firmware_copy/Program/Inc" -I"C:/Users/ACER/Desktop/robofest/sindib - Copy/Code/SINDiB_Firmware_copy/Libs/Inc" -I"C:/Users/ACER/Desktop/robofest/sindib - Copy/Code/SINDiB_Firmware_copy/Drivers/SSD1306/Inc" -O0 -ffunction-sections -fdata-sections -fno-exceptions -fno-rtti -fno-use-cxa-atexit -Wall -fstack-usage -fcyclomatic-complexity -MMD -MP -MF"Program/Src/floodfill.d" -MT"Program/Src/floodfill.o" --specs=nano.specs -mfpu=fpv4-sp-d16 -mfloat-abi=hard -mthumb -o "Program/Src/floodfill.o"
arm-none-eabi-gcc "../Libs/Src/L3GD20.c" -mcpu=cortex-m4 -std=gnu11 -g3 -DDEBUG -DUSE_HAL_DRIVER -DSTM32F405xx -c -I../Core/Inc -I../Drivers/STM32F4xx_HAL_Driver/Inc -I../Drivers/STM32F4xx_HAL_Driver/Inc/Legacy -I../Drivers/CMSIS/Device/ST/STM32F4xx/Include -I../Drivers/CMSIS/Include -I"C:/Users/ACER/Desktop/robofest/sindib - Copy/Code/SINDiB_Firmware_copy/Drivers" -I"C:/Users/ACER/Desktop/robofest/sindib - Copy/Code/SINDiB_Firmware_copy/Libs/Inc" -I"C:/Users/ACER/Desktop/robofest/sindib - Copy/Code/SINDiB_Firmware_copy/Program/Inc" -I"C:/Users/ACER/Desktop/robofest/sindib - Copy/Code/SINDiB_Firmware_copy/Drivers/SSD1306/Inc" -O0 -ffunction-sections -fdata-sections -Wall -fstack-usage -fcyclomatic-complexity -MMD -MP -MF"Libs/Src/L3GD20.d" -MT"Libs/Src/L3GD20.o" --specs=nano.specs -mfpu=fpv4-sp-d16 -mfloat-abi=hard -mthumb -o "Libs/Src/L3GD20.o"
arm-none-eabi-gcc "../Libs/Src/PD.c" -mcpu=cortex-m4 -std=gnu11 -g3 -DDEBUG -DUSE_HAL_DRIVER -DSTM32F405xx -c -I../Core/Inc -I../Drivers/STM32F4xx_HAL_Driver/Inc -I../Drivers/STM32F4xx_HAL_Driver/Inc/Legacy -I../Drivers/CMSIS/Device/ST/STM32F4xx/Include -I../Drivers/CMSIS/Include -I"C:/Users/ACER/Desktop/robofest/sindib - Copy/Code/SINDiB_Firmware_copy/Drivers" -I"C:/Users/ACER/Desktop/robofest/sindib - Copy/Code/SINDiB_Firmware_copy/Libs/Inc" -I"C:/Users/ACER/Desktop/robofest/sindib - Copy/Code/SINDiB_Firmware_copy/Program/Inc" -I"C:/Users/ACER/Desktop/robofest/sindib - Copy/Code/SINDiB_Firmware_copy/Drivers/SSD1306/Inc" -O0 -ffunction-sections -fdata-sections -Wall -fstack-usage -fcyclomatic-complexity -MMD -MP -MF"Libs/Src/PD.d" -MT"Libs/Src/PD.o" --specs=nano.specs -mfpu=fpv4-sp-d16 -mfloat-abi=hard -mthumb -o "Libs/Src/PD.o"
arm-none-eabi-gcc "../Libs/Src/adc.c" -mcpu=cortex-m4 -std=gnu11 -g3 -DDEBUG -DUSE_HAL_DRIVER -DSTM32F405xx -c -I../Core/Inc -I../Drivers/STM32F4xx_HAL_Driver/Inc -I../Drivers/STM32F4xx_HAL_Driver/Inc/Legacy -I../Drivers/CMSIS/Device/ST/STM32F4xx/Include -I../Drivers/CMSIS/Include -I"C:/Users/ACER/Desktop/robofest/sindib - Copy/Code/SINDiB_Firmware_copy/Drivers" -I"C:/Users/ACER/Desktop/robofest/sindib - Copy/Code/SINDiB_Firmware_copy/Libs/Inc" -I"C:/Users/ACER/Desktop/robofest/sindib - Copy/Code/SINDiB_Firmware_copy/Program/Inc" -I"C:/Users/ACER/Desktop/robofest/sindib - Copy/Code/SINDiB_Firmware_copy/Drivers/SSD1306/Inc" -O0 -ffunction-sections -fdata-sections -Wall -fstack-usage -fcyclomatic-complexity -MMD -MP -MF"Libs/Src/adc.d" -MT"Libs/Src/adc.o" --specs=nano.specs -mfpu=fpv4-sp-d16 -mfloat-abi=hard -mthumb -o "Libs/Src/adc.o"
arm-none-eabi-gcc "../Libs/Src/buzzer.c" -mcpu=cortex-m4 -std=gnu11 -g3 -DDEBUG -DUSE_HAL_DRIVER -DSTM32F405xx -c -I../Core/Inc -I../Drivers/STM32F4xx_HAL_Driver/Inc -I../Drivers/STM32F4xx_HAL_Driver/Inc/Legacy -I../Drivers/CMSIS/Device/ST/STM32F4xx/Include -I../Drivers/CMSIS/Include -I"C:/Users/ACER/Desktop/robofest/sindib - Copy/Code/SINDiB_Firmware_copy/Drivers" -I"C:/Users/ACER/Desktop/robofest/sindib - Copy/Code/SINDiB_Firmware_copy/Libs/Inc" -I"C:/Users/ACER/Desktop/robofest/sindib - Copy/Code/SINDiB_Firmware_copy/Program/Inc" -I"C:/Users/ACER/Desktop/robofest/sindib - Copy/Code/SINDiB_Firmware_copy/Drivers/SSD1306/Inc" -O0 -ffunction-sections -fdata-sections -Wall -fstack-usage -fcyclomatic-complexity -MMD -MP -MF"Libs/Src/buzzer.d" -MT"Libs/Src/buzzer.o" --specs=nano.specs -mfpu=fpv4-sp-d16 -mfloat-abi=hard -mthumb -o "Libs/Src/buzzer.o"
arm-none-eabi-gcc "../Libs/Src/display.c" -mcpu=cortex-m4 -std=gnu11 -g3 -DDEBUG -DUSE_HAL_DRIVER -DSTM32F405xx -c -I../Core/Inc -I../Drivers/STM32F4xx_HAL_Driver/Inc -I../Drivers/STM32F4xx_HAL_Driver/Inc/Legacy -I../Drivers/CMSIS/Device/ST/STM32F4xx/Include -I../Drivers/CMSIS/Include -I"C:/Users/ACER/Desktop/robofest/sindib - Copy/Code/SINDiB_Firmware_copy/Drivers" -I"C:/Users/ACER/Desktop/robofest/sindib - Copy/Code/SINDiB_Firmware_copy/Libs/Inc" -I"C:/Users/ACER/Desktop/robofest/sindib - Copy/Code/SINDiB_Firmware_copy/Program/Inc" -I"C:/Users/ACER/Desktop/robofest/sindib - Copy/Code/SINDiB_Firmware_copy/Drivers/SSD1306/Inc" -O0 -ffunction-sections -fdata-sections -Wall -fstack-usage -fcyclomatic-complexity -MMD -MP -MF"Libs/Src/display.d" -MT"Libs/Src/display.o" --specs=nano.specs -mfpu=fpv4-sp-d16 -mfloat-abi=hard -mthumb -o "Libs/Src/display.o"
arm-none-eabi-gcc "../Libs/Src/encoder.c" -mcpu=cortex-m4 -std=gnu11 -g3 -DDEBUG -DUSE_HAL_DRIVER -DSTM32F405xx -c -I../Core/Inc -I../Drivers/STM32F4xx_HAL_Driver/Inc -I../Drivers/STM32F4xx_HAL_Driver/Inc/Legacy -I../Drivers/CMSIS/Device/ST/STM32F4xx/Include -I../Drivers/CMSIS/Include -I"C:/Users/ACER/Desktop/robofest/sindib - Copy/Code/SINDiB_Firmware_copy/Drivers" -I"C:/Users/ACER/Desktop/robofest/sindib - Copy/Code/SINDiB_Firmware_copy/Libs/Inc" -I"C:/Users/ACER/Desktop/robofest/sindib - Copy/Code/SINDiB_Firmware_copy/Program/Inc" -I"C:/Users/ACER/Desktop/robofest/sindib - Copy/Code/SINDiB_Firmware_copy/Drivers/SSD1306/Inc" -O0 -ffunction-sections -fdata-sections -Wall -fstack-usage -fcyclomatic-complexity -MMD -MP -MF"Libs/Src/encoder.d" -MT"Libs/Src/encoder.o" --specs=nano.specs -mfpu=fpv4-sp-d16 -mfloat-abi=hard -mthumb -o "Libs/Src/encoder.o"
../Libs/Src/PD.c: In function 'finishMove':
../Libs/Src/PD.c:56:9: warning: enumeration value 'IDLE' not handled in switch [-Wswitch]
   56 |         switch (mv_type)
      |         ^~~~~~
../Libs/Src/display.c: In function 'displayUpdate':
../Libs/Src/display.c:72:9: warning: enumeration value 'SPEED_ADJ' not handled in switch [-Wswitch]
   72 |         switch (disp_state)
      |         ^~~~~~
arm-none-eabi-gcc "../Libs/Src/motor.c" -mcpu=cortex-m4 -std=gnu11 -g3 -DDEBUG -DUSE_HAL_DRIVER -DSTM32F405xx -c -I../Core/Inc -I../Drivers/STM32F4xx_HAL_Driver/Inc -I../Drivers/STM32F4xx_HAL_Driver/Inc/Legacy -I../Drivers/CMSIS/Device/ST/STM32F4xx/Include -I../Drivers/CMSIS/Include -I"C:/Users/ACER/Desktop/robofest/sindib - Copy/Code/SINDiB_Firmware_copy/Drivers" -I"C:/Users/ACER/Desktop/robofest/sindib - Copy/Code/SINDiB_Firmware_copy/Libs/Inc" -I"C:/Users/ACER/Desktop/robofest/sindib - Copy/Code/SINDiB_Firmware_copy/Program/Inc" -I"C:/Users/ACER/Desktop/robofest/sindib - Copy/Code/SINDiB_Firmware_copy/Drivers/SSD1306/Inc" -O0 -ffunction-sections -fdata-sections -Wall -fstack-usage -fcyclomatic-complexity -MMD -MP -MF"Libs/Src/motor.d" -MT"Libs/Src/motor.o" --specs=nano.specs -mfpu=fpv4-sp-d16 -mfloat-abi=hard -mthumb -o "Libs/Src/motor.o"
arm-none-eabi-gcc "../Libs/Src/read_sensors.c" -mcpu=cortex-m4 -std=gnu11 -g3 -DDEBUG -DUSE_HAL_DRIVER -DSTM32F405xx -c -I../Core/Inc -I../Drivers/STM32F4xx_HAL_Driver/Inc -I../Drivers/STM32F4xx_HAL_Driver/Inc/Legacy -I../Drivers/CMSIS/Device/ST/STM32F4xx/Include -I../Drivers/CMSIS/Include -I"C:/Users/ACER/Desktop/robofest/sindib - Copy/Code/SINDiB_Firmware_copy/Drivers" -I"C:/Users/ACER/Desktop/robofest/sindib - Copy/Code/SINDiB_Firmware_copy/Libs/Inc" -I"C:/Users/ACER/Desktop/robofest/sindib - Copy/Code/SINDiB_Firmware_copy/Program/Inc" -I"C:/Users/ACER/Desktop/robofest/sindib - Copy/Code/SINDiB_Firmware_copy/Drivers/SSD1306/Inc" -O0 -ffunction-sections -fdata-sections -Wall -fstack-usage -fcyclomatic-complexity -MMD -MP -MF"Libs/Src/read_sensors.d" -MT"Libs/Src/read_sensors.o" --specs=nano.specs -mfpu=fpv4-sp-d16 -mfloat-abi=hard -mthumb -o "Libs/Src/read_sensors.o"
arm-none-eabi-gcc "../Core/Src/main.c" -mcpu=cortex-m4 -std=gnu11 -g3 -DDEBUG -DUSE_HAL_DRIVER -DSTM32F405xx -c -I../Core/Inc -I../Drivers/STM32F4xx_HAL_Driver/Inc -I../Drivers/STM32F4xx_HAL_Driver/Inc/Legacy -I../Drivers/CMSIS/Device/ST/STM32F4xx/Include -I../Drivers/CMSIS/Include -I"C:/Users/ACER/Desktop/robofest/sindib - Copy/Code/SINDiB_Firmware_copy/Drivers" -I"C:/Users/ACER/Desktop/robofest/sindib - Copy/Code/SINDiB_Firmware_copy/Libs/Inc" -I"C:/Users/ACER/Desktop/robofest/sindib - Copy/Code/SINDiB_Firmware_copy/Program/Inc" -I"C:/Users/ACER/Desktop/robofest/sindib - Copy/Code/SINDiB_Firmware_copy/Drivers/SSD1306/Inc" -O0 -ffunction-sections -fdata-sections -Wall -fstack-usage -fcyclomatic-complexity -MMD -MP -MF"Core/Src/main.d" -MT"Core/Src/main.o" --specs=nano.specs -mfpu=fpv4-sp-d16 -mfloat-abi=hard -mthumb -o "Core/Src/main.o"
arm-none-eabi-gcc "../Core/Src/stm32f4xx_hal_msp.c" -mcpu=cortex-m4 -std=gnu11 -g3 -DDEBUG -DUSE_HAL_DRIVER -DSTM32F405xx -c -I../Core/Inc -I../Drivers/STM32F4xx_HAL_Driver/Inc -I../Drivers/STM32F4xx_HAL_Driver/Inc/Legacy -I../Drivers/CMSIS/Device/ST/STM32F4xx/Include -I../Drivers/CMSIS/Include -I"C:/Users/ACER/Desktop/robofest/sindib - Copy/Code/SINDiB_Firmware_copy/Drivers" -I"C:/Users/ACER/Desktop/robofest/sindib - Copy/Code/SINDiB_Firmware_copy/Libs/Inc" -I"C:/Users/ACER/Desktop/robofest/sindib - Copy/Code/SINDiB_Firmware_copy/Program/Inc" -I"C:/Users/ACER/Desktop/robofest/sindib - Copy/Code/SINDiB_Firmware_copy/Drivers/SSD1306/Inc" -O0 -ffunction-sections -fdata-sections -Wall -fstack-usage -fcyclomatic-complexity -MMD -MP -MF"Core/Src/stm32f4xx_hal_msp.d" -MT"Core/Src/stm32f4xx_hal_msp.o" --specs=nano.specs -mfpu=fpv4-sp-d16 -mfloat-abi=hard -mthumb -o "Core/Src/stm32f4xx_hal_msp.o"
arm-none-eabi-gcc "../Core/Src/stm32f4xx_it.c" -mcpu=cortex-m4 -std=gnu11 -g3 -DDEBUG -DUSE_HAL_DRIVER -DSTM32F405xx -c -I../Core/Inc -I../Drivers/STM32F4xx_HAL_Driver/Inc -I../Drivers/STM32F4xx_HAL_Driver/Inc/Legacy -I../Drivers/CMSIS/Device/ST/STM32F4xx/Include -I../Drivers/CMSIS/Include -I"C:/Users/ACER/Desktop/robofest/sindib - Copy/Code/SINDiB_Firmware_copy/Drivers" -I"C:/Users/ACER/Desktop/robofest/sindib - Copy/Code/SINDiB_Firmware_copy/Libs/Inc" -I"C:/Users/ACER/Desktop/robofest/sindib - Copy/Code/SINDiB_Firmware_copy/Program/Inc" -I"C:/Users/ACER/Desktop/robofest/sindib - Copy/Code/SINDiB_Firmware_copy/Drivers/SSD1306/Inc" -O0 -ffunction-sections -fdata-sections -Wall -fstack-usage -fcyclomatic-complexity -MMD -MP -MF"Core/Src/stm32f4xx_it.d" -MT"Core/Src/stm32f4xx_it.o" --specs=nano.specs -mfpu=fpv4-sp-d16 -mfloat-abi=hard -mthumb -o "Core/Src/stm32f4xx_it.o"
arm-none-eabi-g++ -o "SINDiB_Firmware_copy.elf" @"objects.list"   -mcpu=cortex-m4 -T"C:\Users\ACER\Desktop\robofest\sindib - Copy\Code\SINDiB_Firmware_copy\STM32F405RGTX_FLASH.ld" --specs=nosys.specs -Wl,-Map="SINDiB_Firmware_copy.map" -Wl,--gc-sections -static -u _printf_float --specs=nano.specs -mfpu=fpv4-sp-d16 -mfloat-abi=hard -mthumb -Wl,--start-group -lc -lm -lstdc++ -lsupc++ -Wl,--end-group
Finished building target: SINDiB_Firmware_copy.elf
 
arm-none-eabi-size  SINDiB_Firmware_copy.elf 
arm-none-eabi-objdump -h -S SINDiB_Firmware_copy.elf  > "SINDiB_Firmware_copy.list"
   text	   data	    bss	    dec	    hex	filename
 236756	   3664	   9672	 250092	  3d0ec	SINDiB_Firmware_copy.elf
arm-none-eabi-objcopy  -O ihex SINDiB_Firmware_copy.elf  "SINDiB_Firmware_copy.hex"
arm-none-eabi-objcopy  -O binary SINDiB_Firmware_copy.elf  "SINDiB_Firmware_copy.bin"
Finished building: default.size.stdout
 
Finished building: SINDiB_Firmware_copy.hex
Finished building: SINDiB_Firmware_copy.bin
 
 
Finished building: SINDiB_Firmware_copy.list
 

17:37:59 Build Finished. 0 errors, 2 warnings. (took 4s.58ms)

